*** Using Compiler 'V5.06 update 7 (build 960)', folder: 'D:\Keil_v5\ARM\ARMCC\Bin'
Build target 'CLOCK_HAL'
assembling startup_stm32f103xb.s...
compiling stm32f1xx_it.c...
compiling stm32f1xx_hal_uart.c...
compiling gpio.c...
compiling usart.c...
compiling stm32f1xx_hal_gpio.c...
compiling stm32f1xx_hal_gpio_ex.c...
compiling stm32f1xx_hal_pwr.c...
compiling stm32f1xx_hal_rcc_ex.c...
compiling stm32f1xx_hal_dma.c...
compiling stm32f1xx_hal_flash.c...
compiling stm32f1xx_hal.c...
compiling stm32f1xx_hal_msp.c...
compiling stm32f1xx_hal_cortex.c...
compiling croutine.c...
compiling list.c...
compiling event_groups.c...
compiling main.c...
compiling stm32f1xx_hal_rcc.c...
compiling queue.c...
compiling stream_buffer.c...
compiling timers.c...
compiling heap_4.c...
compiling tasks.c...
compiling port.c...
compiling stm32f1xx_hal_flash_ex.c...
compiling stm32f1xx_hal_exti.c...
compiling system_stm32f1xx.c...
compiling app_dataTime.c...
compiling common_test.c...
compiling torch.c...
compiling app_freeRTOS.c...
compiling mic.c...
compiling DS1302Z.c...
compiling app_show.c...
compiling app_switch.c...
compiling DHT11.c...
compiling key.c...
compiling NV020D.c...
compiling led.c...
linking...
Program Size: Code=14192 RO-data=312 RW-data=352 ZI-data=18720  
FromELF: creating hex file...
"CLOCK_HAL\CLOCK_HAL.axf" - 0 Error(s), 0 Warning(s).
Build Time Elapsed:  00:00:05
